// Jest Snapshot v1, https://goo.gl/fbAQLP

exports[`OutsideClickHandler render() 1`] = `
<div>
  <SvgIcon
    file="add"
  />
</div>
`;
